
> sites-project@0.1.0 start
> next start

▲ Next.js 16.2.6
- Local:         http://localhost:3000
- Network:       http://192.168.1.191:3000
✓ Ready in 166ms
Error [InvariantError]: Invariant: The client reference manifest for route "/_not-found" does not exist. This is a bug in Next.js.
    at Object.get (.next/server/chunks/ssr/[root-of-the-server]__0ucemvw._.js:1:49821)
⨯ Error [InvariantError]: Invariant: The client reference manifest for route "/_not-found" does not exist. This is a bug in Next.js.
    at Object.get (.next/server/chunks/ssr/[root-of-the-server]__0ucemvw._.js:1:49821)
⨯ Error [InvariantError]: Invariant: The client reference manifest for route "/_not-found" does not exist. This is a bug in Next.js.
    at Object.get (.next/server/chunks/ssr/[root-of-the-server]__0ucemvw._.js:1:49821)
Error [InvariantError]: Invariant: The client reference manifest for route "/_not-found" does not exist. This is a bug in Next.js.
    at Object.get (.next/server/chunks/ssr/[root-of-the-server]__0ucemvw._.js:1:49821)
⨯ Error [InvariantError]: Invariant: The client reference manifest for route "/_not-found" does not exist. This is a bug in Next.js.
    at Object.get (.next/server/chunks/ssr/[root-of-the-server]__0ucemvw._.js:1:49821)
⨯ Error [InvariantError]: Invariant: The client reference manifest for route "/_not-found" does not exist. This is a bug in Next.js.
    at Object.get (.next/server/chunks/ssr/[root-of-the-server]__0ucemvw._.js:1:49821)
Error [InvariantError]: Invariant: The client reference manifest for route "/_not-found" does not exist. This is a bug in Next.js.
    at Object.get (.next/server/chunks/ssr/[root-of-the-server]__0ucemvw._.js:1:49821)
⨯ Error [InvariantError]: Invariant: The client reference manifest for route "/_not-found" does not exist. This is a bug in Next.js.
    at Object.get (.next/server/chunks/ssr/[root-of-the-server]__0ucemvw._.js:1:49821)
⨯ Error [InvariantError]: Invariant: The client reference manifest for route "/_not-found" does not exist. This is a bug in Next.js.
    at Object.get (.next/server/chunks/ssr/[root-of-the-server]__0ucemvw._.js:1:49821)
